<?xml version="1.0" encoding="UTF-8"?>
<config xmlns="http://www.knime.org/2008/09/XMLConfig" xmlns:xsi="http://www.w3.org/2001/XMLSchema-instance" xsi:schemaLocation="http://www.knime.org/2008/09/XMLConfig http://www.knime.org/XMLConfig_2008_09.xsd" key="test">
    <entry key="parameterName" type="xstring" value="some-parameter"/>
    <entry key="useFullyQualifiedName" type="xboolean" value="true"/>
    <entry key="description" type="xstring" value="Some description"/>
    <entry key="json" type="xstring" value="{&quot;some&quot;:&quot;JSON&quot;}"/>
</config>
