{
  "data" : {
    "model" : {
      "inputColumn" : "JSON",
      "outputColumnMode" : "REPLACE",
      "newColumnName" : "JSON",
      "allowComments" : true,
      "failOnError" : true
    }
  },
  "schema" : {
    "type" : "object",
    "properties" : {
      "model" : {
        "type" : "object",
        "properties" : {
          "allowComments" : {
            "type" : "boolean",
            "title" : "Allow comments",
            "description" : "Allow comments (/* */, // and #) within JSON strings. Note: Comments are not part of the JSON specification but are sometimes used.",
            "default" : true
          },
          "failOnError" : {
            "type" : "boolean",
            "title" : "Fail on error",
            "description" : "If checked, the node fails when encountering invalid JSON. Otherwise, missing values are generated for invalid JSON strings.",
            "default" : true
          },
          "inputColumn" : {
            "type" : "string",
            "title" : "Input column",
            "description" : "Select the String column containing JSON content.",
            "default" : "JSON"
          },
          "newColumnName" : {
            "type" : "string",
            "title" : "New column name",
            "description" : "Name of the new JSON column.",
            "default" : "JSON"
          },
          "outputColumnMode" : {
            "oneOf" : [ {
              "const" : "REPLACE",
              "title" : "Replace input column"
            }, {
              "const" : "APPEND",
              "title" : "Append new column"
            } ],
            "title" : "Output column",
            "description" : "Choose whether to replace the input column or append a new column.\n<ul>\n<li><b>Replace input column</b>: Replace the input column with the JSON column, keeping its name.</li>\n<li><b>Append new column</b>: Add a new column with the JSON values.</li>\n</ul>",
            "default" : "REPLACE"
          }
        }
      }
    }
  },
  "ui_schema" : {
    "elements" : [ {
      "type" : "Control",
      "scope" : "#/properties/model/properties/inputColumn",
      "options" : {
        "format" : "dropDown"
      },
      "providedOptions" : [ "possibleValues" ]
    }, {
      "type" : "Control",
      "scope" : "#/properties/model/properties/outputColumnMode",
      "options" : {
        "format" : "radio",
        "radioLayout" : "vertical"
      }
    }, {
      "type" : "Control",
      "scope" : "#/properties/model/properties/newColumnName",
      "rule" : {
        "effect" : "SHOW",
        "condition" : {
          "scope" : "#/properties/model/properties/outputColumnMode",
          "schema" : {
            "oneOf" : [ {
              "const" : "APPEND"
            } ]
          }
        }
      }
    }, {
      "type" : "Control",
      "scope" : "#/properties/model/properties/allowComments",
      "options" : {
        "format" : "checkbox"
      }
    }, {
      "type" : "Control",
      "scope" : "#/properties/model/properties/failOnError",
      "options" : {
        "format" : "checkbox"
      }
    } ]
  },
  "persist" : {
    "type" : "object",
    "properties" : {
      "model" : {
        "type" : "object",
        "properties" : {
          "inputColumn" : {
            "configKey" : "input<dot>column"
          },
          "outputColumnMode" : {
            "configPaths" : [ [ "remove<dot>input<dot>column" ] ]
          },
          "newColumnName" : {
            "configKey" : "new<dot>column<dot>name"
          },
          "allowComments" : {
            "configKey" : "allow<dot>comments"
          },
          "failOnError" : {
            "configKey" : "fail<dot>on<dot>error"
          }
        }
      }
    }
  },
  "initialUpdates" : [ {
    "scope" : "#/properties/model/properties/inputColumn",
    "providedOptionName" : "possibleValues",
    "values" : [ {
      "indices" : [ ],
      "value" : [ {
        "id" : "JSON",
        "text" : "JSON",
        "type" : {
          "id" : "org.knime.core.data.StringValue",
          "text" : "String"
        }
      }, {
        "id" : "Column2",
        "text" : "Column2",
        "type" : {
          "id" : "org.knime.core.data.StringValue",
          "text" : "String"
        }
      }, {
        "id" : "Column3",
        "text" : "Column3",
        "type" : {
          "id" : "org.knime.core.data.StringValue",
          "text" : "String"
        }
      } ]
    } ]
  } ]
}