<?xml version="1.0" encoding="UTF-8"?>
<config xmlns="http://www.knime.org/2008/09/XMLConfig" xmlns:xsi="http://www.w3.org/2001/XMLSchema-instance" xsi:schemaLocation="http://www.knime.org/2008/09/XMLConfig http://www.knime.org/XMLConfig_2008_09.xsd" key="test">
    <config key="selectedColumns">
        <entry key="filter-type" type="xstring" value="STANDARD"/>
        <config key="included_names">
            <entry key="array-size" type="xint" value="0"/>
        </config>
        <config key="excluded_names">
            <entry key="array-size" type="xint" value="0"/>
        </config>
        <entry key="enforce_option" type="xstring" value="EnforceExclusion"/>
        <config key="name_pattern">
            <entry key="pattern" type="xstring" value=""/>
            <entry key="caseSensitive" type="xboolean" value="true"/>
            <entry key="excludeMatching" type="xboolean" value="false"/>
            <entry key="type" type="xstring" value="Wildcard"/>
        </config>
        <config key="datatype">
            <config key="typelist"/>
        </config>
    </config>
    <entry key="row.key.option" type="xstring" value="omit"/>
    <entry key="rowkey.key" type="xstring" value="key"/>
    <entry key="column.names.as.path" type="xboolean" value="false"/>
    <entry key="column.name.separator" type="xstring" value="."/>
    <entry key="direction" type="xstring" value="RowsOutside"/>
    <entry key="remove.source.columns" type="xboolean" value="false"/>
    <entry key="missing.values.are.omitted" type="xboolean" value="true"/>
    <entry key="output.column.name" type="xstring" value="JSON"/>
    <entry key="output.boolean.asNumbers" type="xboolean" value="false"/>
</config>
